C51 COMPILER V9.54   MAIN                                                                  11/14/2023 22:46:02 PAGE 1   


C51 COMPILER V9.54, COMPILATION OF MODULE MAIN
OBJECT MODULE PLACED IN .\Objects\main.obj
COMPILER INVOKED BY: D:\software\keilc51\C51\BIN\C51.EXE main.c OPTIMIZE(8,SPEED) BROWSE DEBUG OBJECTEXTEND PRINT(.\List
                    -ings\main.lst) OBJECT(.\Objects\main.obj)

line level    source

   1          #include <REGX52.H>
   2          #include <INTRINS.H>
   3          #include "LCD1602.h"    //包含LCD1602头文件
   4          #include "Delay.h"              //包含Delay头文件
   5          //#include "MatrixKey.h"
   6          #include "Timer0.h"
   7          #include "key.h"
   8          #include "DS1302.h"
   9          
  10          typedef enum{false = 0,true =1} bool;
  11          unsigned int keyNum = 0;
  12          int select = 0;
  13          bool mode = 0;
  14          bool blankJudge = 0; // 判断闪烁
  15          
  16          void timeSet(void);
  17          void timeShow(void);
  18          void judge(int select,char * target);
  19          
  20          void main()
  21          {
  22   1              Timer0Init();
  23   1              LCD_Init();
  24   1              DS1302_Init();
  25   1              LCD_ShowString(1,1,"  -  -  ");//静态字符初始化显示
  26   1              LCD_ShowString(2,1,"  :  :  ");
  27   1              
  28   1              DS1302_SetTime();//设置时间
  29   1              while(1)
  30   1              {
  31   2                      keyNum =key();
  32   2                      if(keyNum == 1){
  33   3                              if(mode){
  34   4                                      select = 0;
  35   4                                      DS1302_SetTime();
  36   4                              }
  37   3                              mode = !mode;
  38   3                              
  39   3                      }
  40   2                      if(mode == 0)
  41   2                              timeShow();
  42   2                      else
  43   2                              timeSet();
  44   2      
  45   2              }
  46   1      }
  47          void timeShow(void){
  48   1              DS1302_ReadTime();//读取时间
  49   1              LCD_ShowNum(1,1,DS1302_Time[0],2);//显示年
  50   1              LCD_ShowNum(1,4,DS1302_Time[1],2);//显示月
  51   1              LCD_ShowNum(1,7,DS1302_Time[2],2);//显示日
  52   1              LCD_ShowNum(2,1,DS1302_Time[3],2);//显示时
  53   1              LCD_ShowNum(2,4,DS1302_Time[4],2);//显示分
  54   1              LCD_ShowNum(2,7,DS1302_Time[5],2);//显示秒
C51 COMPILER V9.54   MAIN                                                                  11/14/2023 22:46:02 PAGE 2   

  55   1      }
  56          void timeSet(void){
  57   1              if(keyNum == 2){
  58   2                      select++;
  59   2                      select%=6;
  60   2              }
  61   1              if(keyNum == 3){
  62   2                      DS1302_Time[select]++;
  63   2              }
  64   1              if(keyNum == 4){
  65   2                      DS1302_Time[select]--;
  66   2              }
  67   1              judge(select,DS1302_Time);
  68   1              
  69   1              if(blankJudge)
  70   1                      LCD_ShowNum(1,1,DS1302_Time[0],2);
  71   1              if(!blankJudge&&select==0)
  72   1                      LCD_ShowString(1,1+3*(select%3),"  ");
  73   1              
  74   1              if(blankJudge)
  75   1                      LCD_ShowNum(1,4,DS1302_Time[1],2);
  76   1              if(!blankJudge&&select==1)
  77   1                      LCD_ShowString(1,4,"  ");
  78   1              
  79   1              if(blankJudge)
  80   1                      LCD_ShowNum(1,7,DS1302_Time[2],2);
  81   1              if(!blankJudge&&select==2)
  82   1                      LCD_ShowString(1,7,"  ");
  83   1              
  84   1              if(blankJudge)
  85   1                      LCD_ShowNum(2,1,DS1302_Time[3],2);
  86   1              if(!blankJudge&&select==3)
  87   1                      LCD_ShowString(2,1,"  ");
  88   1              
  89   1              if(blankJudge)
  90   1                      LCD_ShowNum(2,4,DS1302_Time[4],2);
  91   1              if(!blankJudge&&select==4)
  92   1                      LCD_ShowString(2,4,"  ");
  93   1              
  94   1              if(blankJudge)
  95   1                      LCD_ShowNum(2,7,DS1302_Time[5],2);
  96   1              if(!blankJudge&&select==5)
  97   1                      LCD_ShowString(2,7,"  ");
  98   1      
  99   1      
 100   1      }
 101          void judge(int select,char target[]){
 102   1              if(select ==5 ||select ==4){                            //分秒判断
 103   2                      if(target[select]>59)
 104   2                              target[select]=0;
 105   2                      if(target[select]<0)
 106   2                              target[select]=59;
 107   2              }
 108   1              if(select ==3){
 109   2                      if(target[select]>23)
 110   2                              target[select] = 0;
 111   2                      if(target[select]<0)
 112   2                              target[select]=23;
 113   2              }
 114   1              if(select == 1){ //月
 115   2                      if(target[select]>12)
 116   2                              target[select]=1;
C51 COMPILER V9.54   MAIN                                                                  11/14/2023 22:46:02 PAGE 3   

 117   2                      if(target[select]<1)
 118   2                              target[select]=12;
 119   2              }
 120   1              if(select ==0){
 121   2                      if(target[select]>99)
 122   2                              target[select]=  0;
 123   2                      if(target[select]<0)
 124   2                              target[select] = 99;
 125   2              }
 126   1              if(target[1]==1||target[1]==3||target[1]==5||target[1]==7||target[1]==8||target[1]==10||target[1]==12)
 127   1              {
 128   2                      if(target[2]>31)
 129   2                              target[2]=1;
 130   2                      if(target[2]<1)
 131   2                              target[2]=31;
 132   2              }
 133   1              if(target[1]==4||target[1]==6||target[1]==9||target[1]==11)
 134   1              {
 135   2                      if(target[2]>30)
 136   2                              target[2]=1;
 137   2                      if(target[2]<1)
 138   2                              target[2]=30;
 139   2              }
 140   1              if(target[1]==2&&target[0]%4!=0){
 141   2                      if(target[2]>28)
 142   2                              target[2]=1;
 143   2                      if(target[2]<1)
 144   2                              target[2] = 28;
 145   2              }
 146   1              if(target[1]==2&&target[0]%4==0){
 147   2                      if(target[2]>29)
 148   2                              target[2]=1;
 149   2                      if(target[2]<1)
 150   2                              target[2] = 29;
 151   2              }
 152   1      }
 153          
 154          void Timer0_Rountine(void) interrupt 1
 155          {
 156   1              static unsigned int T0count;
 157   1              T0count++;
 158   1              TL0 = 0x66;             //设置定时初值
 159   1              TH0 = 0xFC;             //设置定时初值
 160   1              if(T0count == 1000){
 161   2                      if(blankJudge)
 162   2                              blankJudge = 0;
 163   2                      else
 164   2                              blankJudge = 1;
 165   2      
 166   2                      T0count = 0;
 167   2              }
 168   1      }
 169          //void Timer0_Rountine(void) interrupt 1 //出现问题的 1114 1751  定时器出现问题 无法定时
 170          //{
 171          //      static unsigned int T0count;
 172          //      T0count++;
 173          //      TL0 = 0x66;             //设置定时初值
 174          //      TH0 = 0xFC;             //设置定时初值
 175          //      if(T0count == 1000){
 176          //              P2_7 = !P2_7;
 177          //              if(mode){
 178          //                      blankJudge = !blankJudge;
C51 COMPILER V9.54   MAIN                                                                  11/14/2023 22:46:02 PAGE 4   

 179          //                      if(select<=2){
 180          //                              if(blankJudge)
 181          //                                      LCD_ShowString(1,1+3*(select%3),"  ");          
 182          //                      else{
 183          //                              if(blankJudge)
 184          //                                      LCD_ShowString(2,1+3*(select%3),"  ");
 185          //                      }
 186          //              }
 187          
 188          
 189          //              T0count = 0;
 190          //      }
 191          //}
 192          //}


MODULE INFORMATION:   STATIC OVERLAYABLE
   CODE SIZE        =   1137    ----
   CONSTANT SIZE    =     21    ----
   XDATA SIZE       =   ----    ----
   PDATA SIZE       =   ----    ----
   DATA SIZE        =      8       3
   IDATA SIZE       =   ----    ----
   BIT SIZE         =   ----    ----
END OF MODULE INFORMATION.


C51 COMPILATION COMPLETE.  0 WARNING(S),  0 ERROR(S)
